// Jest Snapshot v1, https://goo.gl/fbAQLP

exports[`Create ETL Process run Creates a process run 1`] = `2`;
